policy_admin|policy administration system 34
policy_admin|policy administration software 28
policy_admin|insurance policy management software 16
policy_admin|pas insurance 35
claims|claims management software 22
claims|insurance claims software 18
claims|claims administration software 18
claims|health claims management 25
underwriting|underwriting workbench 16
underwriting|underwriting software 26
underwriting|insurance underwriting platform 10
reinsurance|reinsurance software 25
reinsurance|reinsurance management system 3
reinsurance|reinsurance accounting 21
group|group insurance software 20
group|group benefits administration software 5
group|group life insurance software 3
distribution|broker portal 40
distribution|insurance agent portal 24
distribution|insurance customer portal 19
distribution|mga software 15
finance|insurance general ledger 14
finance|insurance accounting software 32
finance|statutory accounting software 7
data|insurance data warehouse 7
data|insurance data analytics 25
data|insurance data platform 2
alt_risk|captive insurance software 5
alt_risk|captive management software 56
alt_risk|captive insurance management 24
alt_risk|risk retention group software 0
alt_risk|alternative risk software 4
alt_risk|self insurance software 0
alt_risk|captive manager 22
alt_risk|loss run software 4
alt_risk|fronting carrier software 0
alt_risk|program administrator software 24
core|insurance core system 21
core|insurance software 69
core|insurtech platform 23
core|p&c insurance software 33
services|insurance software development 33
services|insurance app development 19
services|legacy insurance system modernization 0
services|insurance software testing 15
