sitemap URLs: 710
[25] queue=686 last=https://diceus.com/ai-for-data-visualization/ 200
[50] queue=661 last=https://diceus.com/oracle-flexcube-core-banking-expertise/ 200
[75] queue=636 last=https://diceus.com/cloud-based-application-development/ 200
[100] queue=611 last=https://diceus.com/data-warehousing-and-bi/ 200
[125] queue=586 last=https://diceus.com/artificial-intelligence-in-fintech/ 200
[150] queue=562 last=https://diceus.com/offshore-dedicated-team/ 200
[175] queue=537 last=https://diceus.com/data-lake-vs-data-warehouse/ 200
[200] queue=512 last=https://diceus.com/data-governance-banks-benefits/ 200
[225] queue=487 last=https://diceus.com/free-strategy-session/ 200
[250] queue=514 last=https://diceus.com/services/cloud-support-services/ 200
[275] queue=489 last=https://diceus.com/services/hybrid-mobile-app-development/ 200
[300] queue=464 last=https://diceus.com/services/legacy-application-modernization/ 200
[325] queue=439 last=https://diceus.com/services/mvp-development/ 200
[350] queue=415 last=https://diceus.com/industry/healthcare/ehr-emr-integration/ 200
[375] queue=390 last=https://diceus.com/industry/healthcare/hipaa-compliance-services/ 200
[400] queue=365 last=https://diceus.com/industry/banking/data-warehouse-development-for-integrated-banking-data/ 200
[425] queue=340 last=https://diceus.com/expertise/generative-ai-development-services/ 200
[450] queue=317 last=https://diceus.com/media/diceus-ceo-attended-wtw-airport-conference/ 200
[475] queue=292 last=https://diceus.com/media/diceus-becomes-member-of-swiss-insurtech-hub/ 200
[500] queue=267 last=https://diceus.com/media/diceus-attended-banking-and-insurance-forum-in-warsaw/ 200
[525] queue=242 last=https://diceus.com/insurance/agency-management/ 200
[550] queue=218 last=https://diceus.com/insurance/solutions/super-app/life-insurance/ 200
[575] queue=192 last=https://diceus.com/case-studies/cloud-based-project-management-solution/ 200
[600] queue=167 last=https://diceus.com/case-studies/blockchain-real-estate-purchasing-platform/ 200
[625] queue=142 last=https://diceus.com/case-studies/earth-observation-cloud-based-software-for-oil-and-gas-company/ 200
[650] queue=117 last=https://diceus.com/case-studies/new-website-case/ 200
[675] queue=92 last=https://diceus.com/case-studies/sourcecontrol-upgrade-and-git-integration/ 200
[700] queue=67 last=https://diceus.com/case-studies/country/spain/ 200
[725] queue=55 last=https://diceus.com/case-studies/service/staff-augmentation/ 200
[750] queue=42 last=https://diceus.com/case-studies/industry/telecommunications/ 200
[775] queue=31 last=https://diceus.com/case-studies/service/manual-testing/page/4/ 200
[800] queue=9 last=https://diceus.com/case-studies/expertise/data-warehouse-and-etl/page/2/ 200
DONE fetched=816 robots_blocked=0 queue_left=0
