0 /accounting-software-for-insurance-brokers/ 301>200
20 /industry/insurance/data-analytics/ 301>200
40 /insurance/solutions/vitaminise-customer-feedback-tool/ 301>200
60 /company/about-team/ 301>404
80 /case-studies/expertise/robotics-process-automation/ 200
100 /case-studies/industry/banking/ 200
120 /software-companies-in-dallas/ 301>200
140 /outsourcing-trends-2018-will-boost-company/ 301>200
160 /smart-chatbots-banks/ 410
180 /junior-qa-manual-content-manager/ 301>301>200
group      final_status
case       200             29
           404              1
insurance  200             48
           404              6
           410              4
root_post  200             47
           404             23
           410             20
section    200              4
           404             13
dtype: int64
